2014-06-14T17:26:12.340+0900: 0.124: [GC 864K->573K(10432K), 0.0069561 secs]
2014-06-14T17:26:12.347+0900: 0.132: [Full GC 573K->538K(10432K), 0.0262750 secs]
2014-06-14T17:26:12.375+0900: 0.160: [GC 661K->570K(10432K), 0.0002427 secs]
2014-06-14T17:26:12.375+0900: 0.160: [Full GC 570K->538K(10432K), 0.0102924 secs]
2014-06-14T17:26:12.387+0900: 0.172: [GC 599K->538K(10432K), 0.0026775 secs]
2014-06-14T17:26:12.390+0900: 0.175: [Full GC 538K->538K(10432K), 0.0065083 secs]
2014-06-14T17:26:12.398+0900: 0.182: [GC 599K->538K(10432K), 0.0002386 secs]
2014-06-14T17:26:12.398+0900: 0.183: [Full GC 538K->538K(10432K), 0.0200104 secs]
2014-06-14T17:26:12.419+0900: 0.204: [GC 599K->538K(10432K), 0.0002625 secs]
2014-06-14T17:26:12.420+0900: 0.204: [Full GC 538K->538K(10432K), 0.0070619 secs]
2014-06-14T17:26:12.428+0900: 0.212: [GC 599K->538K(10432K), 0.0001949 secs]
2014-06-14T17:26:12.428+0900: 0.213: [Full GC 538K->538K(10432K), 0.0055957 secs]
2014-06-14T17:26:12.435+0900: 0.219: [GC 599K->538K(10432K), 0.0002034 secs]
2014-06-14T17:26:12.435+0900: 0.220: [Full GC 538K->538K(10432K), 0.0071063 secs]
2014-06-14T17:26:12.443+0900: 0.228: [GC 599K->538K(10432K), 0.0010748 secs]
2014-06-14T17:26:12.444+0900: 0.229: [Full GC 538K->538K(10432K), 0.0153915 secs]
2014-06-14T17:26:12.461+0900: 0.245: [GC 599K->538K(10432K), 0.0001945 secs]
2014-06-14T17:26:12.461+0900: 0.246: [Full GC 538K->538K(10432K), 0.0063353 secs]
2014-06-14T17:26:12.469+0900: 0.253: [GC 599K->538K(10432K), 0.0001857 secs]
2014-06-14T17:26:12.469+0900: 0.254: [Full GC 538K->538K(10432K), 0.0059858 secs]
2014-06-14T17:26:12.484+0900: 0.269: [GC 3365K->2478K(10432K), 0.0025134 secs]
2014-06-14T17:26:12.500+0900: 0.285: [GC 13908K->12469K(19968K), 0.0030574 secs]
2014-06-14T17:26:12.503+0900: 0.288: [GC 12469K->12469K(19968K), 0.0030202 secs]
2014-06-14T17:26:12.507+0900: 0.291: [Full GC 12469K->5286K(17024K), 0.0186489 secs]
2014-06-14T17:26:12.533+0900: 0.317: [GC 12408K->12408K(19968K), 0.0075176 secs]
2014-06-14T17:26:12.540+0900: 0.325: [GC 12408K->12408K(19520K), 0.0043946 secs]
2014-06-14T17:26:12.545+0900: 0.330: [Full GC 12408K->7660K(19520K), 0.0246368 secs]
2014-06-14T17:26:12.570+0900: 0.354: [GC 7660K->7660K(19776K), 0.0002236 secs]
2014-06-14T17:26:12.570+0900: 0.355: [Full GC 7660K->7644K(19776K), 2.2203403 secs]
